{"ran": 21, "failed": 1, "failed_tests": ["error_4"], "time": "Sat May 10 01:56:10 2014"}
{"ran": 21, "failed": 1, "failed_tests": ["error_4"], "time": "Sat May 10 01:57:48 2014"}
{"ran": 21, "failed": 0, "failed_tests": [], "time": "Sat May 10 01:58:34 2014"}
{"ran": 22, "failed": 0, "failed_tests": [], "time": "Sat May 10 01:59:23 2014"}
{"ran": 23, "failed": 0, "failed_tests": [], "time": "Sat May 10 02:08:16 2014"}
