{"ran": 2, "failed": 0, "failed_tests": [], "time": "Thu Apr 17 04:30:42 2014"}
{"ran": 1, "failed": 0, "failed_tests": [], "time": "Thu Apr 17 04:30:52 2014"}
{"ran": 1, "failed": 0, "failed_tests": [], "time": "Thu Apr 17 04:31:02 2014"}
